// Vitest Snapshot v1, https://vitest.dev/guide/snapshot.html

exports[`HelpOverlay > full overlay snapshot — fails loudly on layout / binding drift 1`] = `
"╭──────────────────────────────────────────────────────────────────────────────────────────────────╮
│ ▣ Keyboard reference   ·  press ? or esc to close                                                │
│                                                                                                  │
│ GLOBAL                                                                                           │
│   esc           back                                                                             │
│   h             home                                                                             │
│   s             settings                                                                         │
│   d             dashboard                                                                        │
│   x             running runs                                                                     │
│   ?             keyboard help                                                                    │
│   !             doctor                                                                           │
│   tab           next session                                                                     │
│   shift+tab     previous session                                                                 │
│   ctrl+1..9     jump to session 1..9                                                             │
│   q             quit (home only)                                                                 │
│                                                                                                  │
│ HOME                                                                                             │
│   b             browse                                                                           │
│                                                                                                  │
│ LIST VIEWS                                                                                       │
│   ↑ / k         move up                                                                          │
│   ↓ / j         move down                                                                        │
│   PgUp          page up                                                                          │
│   PgDn          page down                                                                        │
│   enter         open / drill in                                                                  │
│   a             add                                                                              │
│   e             edit                                                                             │
│   r             remove                                                                           │
│   n             new                                                                              │
│   f             cycle filter                                                                     │
│   c             set current                                                                      │
│   t             change status                                                                    │
│   o             onboard                                                                          │
│                                                                                                  │
│ DETAIL VIEWS                                                                                     │
│   e             edit                                                                             │
│   a             add repo                                                                         │
│   r             remove repo                                                                      │
│   o             onboard                                                                          │
│   t             change status                                                                    │
│                                                                                                  │
│ LIVE EXECUTION                                                                                   │
│   c             cancel run                                                                       │
│   D             background (keep running)                                                        │
│   enter         back                                                                             │
│                                                                                                  │
│ ATTACH (READ-ONLY)                                                                               │
│   enter         back                                                                             │
│                                                                                                  │
│ RUNNING EXECUTIONS                                                                               │
│   X             cancel highlighted run                                                           │
│                                                                                                  │
│ SESSIONS SWITCHER                                                                                │
│   k             kill highlighted session                                                         │
│                                                                                                  │
│ SETTINGS PANEL                                                                                   │
│   ↑ / k         up                                                                               │
│   ↓ / j         down                                                                             │
│   enter         edit                                                                             │
│   esc           close                                                                            │
│                                                                                                  │
│ HELP OVERLAY                                                                                     │
│   esc           close help                                                                       │
│                                                                                                  │
│ NOTIFICATION                                                                                     │
│   esc           dismiss                                                                          │
│                                                                                                  │
╰──────────────────────────────────────────────────────────────────────────────────────────────────╯
"
`;
